"02-attribute-no-init.cl", line 2:7, Syntax error: mismatched input ':' expecting '('
"02-attribute-no-init.cl", line 6:7, Syntax error: mismatched input ':' expecting '('
Compilation halted
