"03-attribute-init.cl", line 2:7, Syntax error: mismatched input ':' expecting '('
"03-attribute-init.cl", line 6:7, Syntax error: mismatched input ':' expecting '('
Compilation halted
