"04-method.cl", line 2:7, Syntax error: mismatched input ':' expecting '('
"04-method.cl", line 8:7, Syntax error: mismatched input ':' expecting '('
Compilation halted
