"05-literal-id.cl", line 2:7, Syntax error: mismatched input ':' expecting '('
"05-literal-id.cl", line 3:7, Syntax error: mismatched input ':' expecting '('
"05-literal-id.cl", line 4:7, Syntax error: mismatched input ':' expecting '('
"05-literal-id.cl", line 5:7, Syntax error: mismatched input ':' expecting '('
Compilation halted
