"06-arithmetic.cl", line 2:7, Syntax error: mismatched input ':' expecting '('
Compilation halted
