"07-relational.cl", line 2:7, Syntax error: mismatched input ':' expecting '('
"07-relational.cl", line 3:7, Syntax error: mismatched input ':' expecting '('
"07-relational.cl", line 4:7, Syntax error: mismatched input ':' expecting '('
Compilation halted
