"11-if.cl", line 3:9, Syntax error: extraneous input 'if' expecting {STRING, TRUE, FALSE, INT, OBJECT_ID}
"11-if.cl", line 3:14, Syntax error: mismatched input '<=' expecting '}'
Compilation halted
