"13-let.cl", line 3:9, Syntax error: extraneous input 'let' expecting {STRING, TRUE, FALSE, INT, OBJECT_ID}
"13-let.cl", line 3:15, Syntax error: mismatched input ':' expecting '}'
Compilation halted
