"16-string-special-chars.cl", line 2:8, Syntax error: mismatched input ':' expecting '('
"16-string-special-chars.cl", line 3:8, Syntax error: mismatched input ':' expecting '('
"16-string-special-chars.cl", line 4:8, Syntax error: mismatched input ':' expecting '('
"16-string-special-chars.cl", line 6:8, Syntax error: mismatched input ':' expecting '('
"16-string-special-chars.cl", line 7:8, Syntax error: mismatched input ':' expecting '('
Compilation halted
