line 1:0 token recognition error at: 'c'
line 1:1 token recognition error at: 'l'
line 1:2 token recognition error at: 'a'
line 1:3 token recognition error at: 's'
line 1:4 token recognition error at: 's'
line 1:6 token recognition error at: 'A'
line 1:8 token recognition error at: '{'
line 2:4 token recognition error at: 'x'
line 2:6 token recognition error at: ':'
line 2:8 token recognition error at: 'I'
line 2:9 token recognition error at: 'n'
line 2:10 token recognition error at: 't'
line 2:11 token recognition error at: ';'
line 2:13 token recognition error at: '#'
line 3:0 token recognition error at: '}'
line 3:1 token recognition error at: ';'
<EOF> : EOF
