ANTLR Tool version 4.8 used for code generation does not match the current runtime version 4.7.1ANTLR Tool version 4.8 used for code generation does not match the current runtime version 4.7.1program
  class
    A
  class
    B
    A
