"18-type-dispatch.cl", line 3:9, Semantic error: Type Object of the body of method f is incompatible with declared return type Int
Compilation halted
